// Vitest Snapshot v1, https://vitest.dev/guide/snapshot.html

exports[`buildCodebookRows — codebook CSV shape > keeps the survey × question × option ordering stable (snapshot of keys) 1`] = `
[
  "phase-1|p1_q1_sector|food",
  "phase-1|p1_q1_sector|textile",
  "phase-1|p1_q1_sector|plastic",
  "phase-1|p1_q1_sector|chemical",
  "phase-1|p1_q2_ownership|sme",
  "phase-1|p1_q2_ownership|large_local",
  "phase-1|p1_q2_ownership|multinational",
  "phase-1|p1_q2_ownership|joint",
  "phase-1|p1_q2_ownership|fdi",
  "phase-1|p1_q3_employees|<50",
  "phase-1|p1_q3_employees|51-200",
  "phase-1|p1_q3_employees|201-500",
  "phase-1|p1_q3_employees|>500",
  "phase-1|p1_q4_local_jobs|<5",
  "phase-1|p1_q4_local_jobs|5-10",
  "phase-1|p1_q4_local_jobs|11-20",
  "phase-1|p1_q4_local_jobs|>20",
  "phase-1|p1_q5_export|local",
  "phase-1|p1_q5_export|balanced",
  "phase-1|p1_q5_export|export",
  "phase-1|p1_q6_country|lk",
  "phase-1|p1_q6_country|in",
  "phase-1|p1_q6_country|bd",
  "phase-1|p1_q6_country|pk",
  "phase-1|p1_q6_country|np",
  "phase-1|p1_q6_country|bt",
  "phase-1|p1_q6_country|mv",
  "phase-1|p1_q7_employment_trend|decreasing",
  "phase-1|p1_q7_employment_trend|stable",
  "phase-1|p1_q7_employment_trend|moderate",
  "phase-1|p1_q7_employment_trend|rapid",
  "phase-1|p1_q8_training|none",
  "phase-1|p1_q8_training|limited",
  "phase-1|p1_q8_training|moderate",
  "phase-1|p1_q8_training|extensive",
  "phase-1|p1_q9_community|none",
  "phase-1|p1_q9_community|low",
  "phase-1|p1_q9_community|moderate",
  "phase-1|p1_q9_community|high",
  "phase-1|p1_q10_community_support|very_low",
  "phase-1|p1_q10_community_support|low",
  "phase-1|p1_q10_community_support|moderate",
  "phase-1|p1_q10_community_support|high",
  "phase-1|p1_q11_certs|iso14001",
  "phase-1|p1_q11_certs|none",
  "phase-1|p1_q12_practices|cleaner",
  "phase-1|p1_q12_practices|energy_eff",
  "phase-1|p1_q12_practices|wastewater",
  "phase-1|p1_q12_practices|renewables",
  "phase-1|p1_q12_practices|circular",
  "phase-1|p1_q13_air|below",
  "phase-1|p1_q13_air|near",
  "phase-1|p1_q13_air|exceed",
  "phase-1|p1_q14_wastewater|full",
  "phase-1|p1_q14_wastewater|partial",
  "phase-1|p1_q14_wastewater|none",
  "phase-1|p1_q15_challenges|air",
  "phase-1|p1_q15_challenges|water",
  "phase-1|p1_q15_challenges|solid",
  "phase-1|p1_q15_challenges|energy",
  "phase-1|p1_q16_proximity|isolated",
  "phase-1|p1_q16_proximity|few",
  "phase-1|p1_q16_proximity|medium",
  "phase-1|p1_q16_proximity|dense",
  "phase-1|p1_q17_collab|none",
  "phase-1|p1_q17_collab|limited",
  "phase-1|p1_q17_collab|moderate",
  "phase-1|p1_q17_collab|high",
  "phase-1|p1_q18_shared_infra|none",
  "phase-1|p1_q18_shared_infra|limited",
  "phase-1|p1_q18_shared_infra|adequate",
  "phase-1|p1_q18_shared_infra|strong",
  "phase-1|p1_q19_innovation|very_low",
  "phase-1|p1_q19_innovation|low",
  "phase-1|p1_q19_innovation|moderate",
  "phase-1|p1_q19_innovation|high",
  "phase-1|p1_q20_raw_input|<100",
  "phase-1|p1_q20_raw_input|100-500",
  "phase-1|p1_q20_raw_input|501-1000",
  "phase-1|p1_q20_raw_input|>1000",
  "phase-1|p1_q21_raw_source|local",
  "phase-1|p1_q21_raw_source|imported",
  "phase-1|p1_q21_raw_source|balanced",
  "phase-1|p1_q22_energy|<100mwh",
  "phase-1|p1_q22_energy|100-500mwh",
  "phase-1|p1_q22_energy|501-1000mwh",
  "phase-1|p1_q22_energy|>1000mwh",
  "phase-1|p1_q23_re_share|0",
  "phase-1|p1_q23_re_share|<25",
  "phase-1|p1_q23_re_share|25-50",
  "phase-1|p1_q23_re_share|>50",
  "phase-1|p1_q24_water|<1000",
  "phase-1|p1_q24_water|1000-10000",
  "phase-1|p1_q24_water|10001-50000",
  "phase-1|p1_q24_water|>50000",
  "phase-1|p1_q25_water_recycle|none",
  "phase-1|p1_q25_water_recycle|<25",
  "phase-1|p1_q25_water_recycle|25-50",
  "phase-1|p1_q25_water_recycle|>50",
  "phase-1|p1_q26_waste|<100",
  "phase-1|p1_q26_waste|100-500",
  "phase-1|p1_q26_waste|501-1000",
  "phase-1|p1_q26_waste|>1000",
  "phase-1|p1_q27_reuse|high",
  "phase-1|p1_q27_reuse|medium",
  "phase-1|p1_q27_reuse|low",
  "phase-1|p1_q27_reuse|none",
  "phase-1|p1_q28_ahp|",
  "phase-1|p1_g_docs|annual_reports",
  "phase-1|p1_g_docs|strategic_plans",
  "phase-1|p1_g_docs|policy_docs",
  "phase-1|p1_g_docs|project_reports",
  "phase-1|p1_g_docs|eia",
  "phase-1|p1_g_docs|feasibility",
  "phase-1|p1_g_docs|training",
  "phase-1|p1_g_docs|org_charts",
  "phase-1|p1_g_docs|budgets",
  "phase-1|p1_g_docs|kpi",
  "phase-1|p1_g_doc_sharing|all",
  "phase-1|p1_g_doc_sharing|some",
  "phase-1|p1_g_doc_sharing|none",
  "phase-1|p1_g_doc_sharing|on_request",
  "phase-1|p1_h_contact_primary_name|",
  "phase-1|p1_h_contact_primary_role|",
  "phase-1|p1_h_contact_primary_email|",
  "phase-1|p1_h_contact_primary_phone|",
  "phase-1|p1_h_contact_primary_linkedin|",
  "phase-1|p1_h_contact_alt_name|",
  "phase-1|p1_h_contact_alt_email|",
  "phase-1|p1_h_data_use|research",
  "phase-1|p1_h_data_use|publish_named",
  "phase-1|p1_h_data_use|publish_anon",
  "phase-1|p1_h_data_use|followup",
  "phase-1|p1_h_data_use|share_results",
  "phase-1|p1_h_authorization|yes",
  "phase-1|p1_h_authorization|no",
  "phase-3|p3_r_org_name|",
  "phase-3|p3_r_org_type|sme",
  "phase-3|p3_r_org_type|large_local",
  "phase-3|p3_r_org_type|fdi",
  "phase-3|p3_r_org_type|ppp",
  "phase-3|p3_q1_sector|textile",
  "phase-3|p3_q1_sector|food",
  "phase-3|p3_q1_sector|plastic",
  "phase-3|p3_q1_sector|chemical",
  "phase-3|p3_q2_district|",
  "phase-3|p3_q2_province|",
  "phase-3|p3_q2_country|",
  "phase-3|p3_q3_lat|",
  "phase-3|p3_q3_lng|",
  "phase-3|p3_q4_size|small",
  "phase-3|p3_q4_size|medium",
  "phase-3|p3_q4_size|large",
  "phase-3|p3_q5_seasonal|none",
  "phase-3|p3_q5_seasonal|high_some",
  "phase-3|p3_q5_months|jan",
  "phase-3|p3_q5_months|feb",
  "phase-3|p3_q5_months|mar",
  "phase-3|p3_q5_months|apr",
  "phase-3|p3_q5_months|may",
  "phase-3|p3_q5_months|jun",
  "phase-3|p3_q5_months|jul",
  "phase-3|p3_q5_months|aug",
  "phase-3|p3_q5_months|sep",
  "phase-3|p3_q5_months|oct",
  "phase-3|p3_q5_months|nov",
  "phase-3|p3_q5_months|dec",
  "phase-3|p3_q6_elec|<500k",
  "phase-3|p3_q6_elec|500k-1m",
  "phase-3|p3_q6_elec|1-5m",
  "phase-3|p3_q6_elec|>5m",
  "phase-3|p3_q7_peak|<500",
  "phase-3|p3_q7_peak|500-1000",
  "phase-3|p3_q7_peak|1000-5000",
  "phase-3|p3_q7_peak|>5000",
  "phase-3|p3_q8_grid|20",
  "phase-3|p3_q8_grid|20-50",
  "phase-3|p3_q8_grid|50-80",
  "phase-3|p3_q8_grid|>80",
  "phase-3|p3_q8_fossil|<20",
  "phase-3|p3_q8_fossil|20-50",
  "phase-3|p3_q8_fossil|50-80",
  "phase-3|p3_q8_fossil|>80",
  "phase-3|p3_q8_fossil|none",
  "phase-3|p3_q8_re|<20",
  "phase-3|p3_q8_re|20-50",
  "phase-3|p3_q8_re|50-80",
  "phase-3|p3_q8_re|>80",
  "phase-3|p3_q8_re|none",
  "phase-3|p3_q9_solar_area|none",
  "phase-3|p3_q9_solar_area|<500",
  "phase-3|p3_q9_solar_area|500-2000",
  "phase-3|p3_q9_solar_area|>2000",
  "phase-3|p3_q10_biofuel|none",
  "phase-3|p3_q10_biofuel|<500",
  "phase-3|p3_q10_biofuel|500-2000",
  "phase-3|p3_q10_biofuel|>2000",
  "phase-3|p3_q11_re_willingness|1",
  "phase-3|p3_q11_re_willingness|2",
  "phase-3|p3_q11_re_willingness|3",
  "phase-3|p3_q11_re_willingness|4",
  "phase-3|p3_q11_re_willingness|5",
  "phase-3|p3_q12_re_barriers|cost",
  "phase-3|p3_q12_re_barriers|policy",
  "phase-3|p3_q12_re_barriers|knowhow",
  "phase-3|p3_q12_re_barriers|grid",
  "phase-3|p3_q12_re_barriers|space",
  "phase-3|p3_q12_re_barriers|maintenance",
  "phase-3|p3_q13_waste_streams|organic",
  "phase-3|p3_q13_waste_streams|plastic",
  "phase-3|p3_q13_waste_streams|paper",
  "phase-3|p3_q13_waste_streams|metal",
  "phase-3|p3_q13_waste_streams|sludge",
  "phase-3|p3_q13_waste_streams|wastewater",
  "phase-3|p3_q14_waste_qty|<50",
  "phase-3|p3_q14_waste_qty|50-200",
  "phase-3|p3_q14_waste_qty|200-500",
  "phase-3|p3_q14_waste_qty|>500",
  "phase-3|p3_q15_ce_practices|internal_recycle",
  "phase-3|p3_q15_ce_practices|external_recycle",
  "phase-3|p3_q15_ce_practices|process_eff",
  "phase-3|p3_q15_ce_practices|wte",
  "phase-3|p3_q15_ce_practices|lifespan",
  "phase-3|p3_q15_ce_practices|none",
  "phase-3|p3_q16_valorization|organic",
  "phase-3|p3_q16_valorization|plastic",
  "phase-3|p3_q16_valorization|sludge",
  "phase-3|p3_q16_valorization|wastewater",
  "phase-3|p3_q17_ce_support|tech_transfer",
  "phase-3|p3_q17_ce_support|incentives",
  "phase-3|p3_q17_ce_support|market",
  "phase-3|p3_q17_ce_support|training",
  "phase-3|p3_q17_ce_support|policy",
  "phase-3|p3_q18_exchanges|same",
  "phase-3|p3_q18_exchanges|other",
  "phase-3|p3_q18_exchanges|no",
  "phase-3|p3_q19_exchange_type|heat",
  "phase-3|p3_q19_exchange_type|water",
  "phase-3|p3_q19_exchange_type|byproduct",
  "phase-3|p3_q19_exchange_type|packaging",
  "phase-3|p3_q19_exchange_type|logistics",
  "phase-3|p3_q20_supply|organic",
  "phase-3|p3_q20_supply|plastic",
  "phase-3|p3_q20_supply|heat",
  "phase-3|p3_q20_supply|sludge",
  "phase-3|p3_q20_supply|water",
  "phase-3|p3_q21_inputs|raw",
  "phase-3|p3_q21_inputs|byproduct",
  "phase-3|p3_q21_inputs|heat",
  "phase-3|p3_q21_inputs|water",
  "phase-3|p3_q21_inputs|packaging",
  "phase-3|p3_q22_collab_mode|shared_facilities",
  "phase-3|p3_q22_collab_mode|byproduct",
  "phase-3|p3_q22_collab_mode|logistics",
  "phase-3|p3_q22_collab_mode|treatment",
  "phase-3|p3_q22_collab_mode|microgrid",
  "phase-3|p3_q23_distance|<5",
  "phase-3|p3_q23_distance|5-15",
  "phase-3|p3_q23_distance|15-30",
  "phase-3|p3_q23_distance|>30",
  "phase-3|p3_q24_savings|<5",
  "phase-3|p3_q24_savings|5-15",
  "phase-3|p3_q24_savings|15-30",
  "phase-3|p3_q24_savings|>30",
  "phase-3|p3_q24_savings|none",
  "phase-3|p3_q25_invest|<1",
  "phase-3|p3_q25_invest|1-5",
  "phase-3|p3_q25_invest|5-10",
  "phase-3|p3_q25_invest|>10",
  "phase-3|p3_q25_invest|none",
  "phase-3|p3_q26_env_impact|ghg<5",
  "phase-3|p3_q26_env_impact|ghg5-15",
  "phase-3|p3_q26_env_impact|ghg>15",
  "phase-3|p3_q26_env_impact|waste<10",
  "phase-3|p3_q26_env_impact|waste10-30",
  "phase-3|p3_q26_env_impact|waste>30",
  "phase-3|p3_q26_env_impact|water<10",
  "phase-3|p3_q26_env_impact|water10-30",
  "phase-3|p3_q26_env_impact|water>30",
  "phase-3|p3_q27_jobs|0-5",
  "phase-3|p3_q27_jobs|5-20",
  "phase-3|p3_q27_jobs|>20",
  "phase-3|p3_q27_safety|yes",
  "phase-3|p3_q27_safety|no",
  "phase-3|p3_q27_community|yes",
  "phase-3|p3_q27_community|no",
  "phase-3|p3_q28_enablers|incentives",
  "phase-3|p3_q28_enablers|policy",
  "phase-3|p3_q28_enablers|training",
  "phase-3|p3_q28_enablers|tech",
  "phase-3|p3_q28_enablers|market",
  "phase-3|p3_q29_nda|yes",
  "phase-3|p3_q29_nda|no",
  "phase-3|p3_q30_future|yes",
  "phase-3|p3_q30_future|no",
  "phase-3|p3_h_docs|annual_reports",
  "phase-3|p3_h_docs|strategic_plans",
  "phase-3|p3_h_docs|policy_docs",
  "phase-3|p3_h_docs|project_reports",
  "phase-3|p3_h_docs|eia",
  "phase-3|p3_h_docs|feasibility",
  "phase-3|p3_h_docs|training",
  "phase-3|p3_h_docs|org_charts",
  "phase-3|p3_h_docs|budgets",
  "phase-3|p3_h_docs|kpi",
  "phase-3|p3_h_doc_sharing|all",
  "phase-3|p3_h_doc_sharing|some",
  "phase-3|p3_h_doc_sharing|none",
  "phase-3|p3_h_doc_sharing|on_request",
  "phase-3|p3_h_contact_primary_name|",
  "phase-3|p3_h_contact_primary_role|",
  "phase-3|p3_h_contact_primary_email|",
  "phase-3|p3_h_contact_primary_phone|",
  "phase-3|p3_h_contact_primary_linkedin|",
  "phase-3|p3_h_contact_alt_name|",
  "phase-3|p3_h_contact_alt_email|",
  "phase-3|p3_h_data_use|research",
  "phase-3|p3_h_data_use|publish_named",
  "phase-3|p3_h_data_use|publish_anon",
  "phase-3|p3_h_data_use|followup",
  "phase-3|p3_h_data_use|share_results",
  "phase-3|p3_h_authorization|yes",
  "phase-3|p3_h_authorization|no",
]
`;

exports[`buildExportHeaderRow — language-invariant header strings > keeps the full ordered header row stable (snapshot) 1`] = `
[
  "survey_slug",
  "response_id",
  "status",
  "language",
  "progress_pct",
  "started_at",
  "completed_at",
  "duration_seconds",
  "contact_name",
  "contact_email",
  "contact_org",
  "phase-1.p1_q1_sector [single_choice] | section EN: A. Industry profile | SI: කොටස A: කර්මාන්ත ආයතන පැතිකඩ | TA: A. தொழில் சுயவிவரம் | EN: Industry sector | SI: කර්මාන්ත අංශය | TA: தொழில் துறை",
  "phase-1.p1_q1_sector.label_en | English label for selected option(s)",
  "phase-1.p1_q2_ownership [single_choice] | section EN: A. Industry profile | SI: කොටස A: කර්මාන්ත ආයතන පැතිකඩ | TA: A. தொழில் சுயவிவரம் | EN: Ownership type | SI: අයිතිකාරීත්ව වර්ගය | TA: உரிமை வகை",
  "phase-1.p1_q2_ownership.label_en | English label for selected option(s)",
  "phase-1.p1_q3_employees [single_choice] | section EN: A. Industry profile | SI: කොටස A: කර්මාන්ත ආයතන පැතිකඩ | TA: A. தொழில் சுயவிவரம் | EN: Number of employees | SI: සේවක සංඛ්‍යාව | TA: ஊழியர் எண்ணிக்கை",
  "phase-1.p1_q3_employees.label_en | English label for selected option(s)",
  "phase-1.p1_q4_local_jobs [single_choice] | section EN: A. Industry profile | SI: කොටස A: කර්මාන්ත ආයතන පැතිකඩ | TA: A. தொழில் சுயவிவரம் | EN: Contribution to local employment | SI: ප්‍රදේශීය රැකියා සඳහා දායකත්වය | TA: உள்ளூர் வேலைவாய்ப்பு பங்களிப்பு",
  "phase-1.p1_q4_local_jobs.label_en | English label for selected option(s)",
  "phase-1.p1_q5_export [single_choice] | section EN: A. Industry profile | SI: කොටස A: කර්මාන්ත ආයතන පැතිකඩ | TA: A. தொழில் சுயவிவரம் | EN: Export orientation | SI: අපනයන දිශානතිය | TA: ஏற்றுமதி நோக்குநிலை",
  "phase-1.p1_q5_export.label_en | English label for selected option(s)",
  "phase-1.p1_q6_country [single_choice] | section EN: A. Industry profile | SI: කොටස A: කර්මාන්ත ආයතන පැතිකඩ | TA: A. தொழில் சுயவிவரம் | EN: Country | SI: රට | TA: நாடு",
  "phase-1.p1_q6_country.label_en | English label for selected option(s)",
  "phase-1.p1_q7_employment_trend [single_choice] | section EN: B. Socio-economic | SI: කොටස B: සමාජ-ආර්ථික අංශ | TA: B. சமூக-பொருளாதாரம் | EN: Employment trend over the past 5 years | SI: පසුගිය වසර 5 තුළ රැකියා ප්‍රවණතාවය | TA: கடந்த 5 ஆண்டுகளில் வேலைவாய்ப்பு போக்கு",
  "phase-1.p1_q7_employment_trend.label_en | English label for selected option(s)",
  "phase-1.p1_q8_training [single_choice] | section EN: B. Socio-economic | SI: කොටස B: සමාජ-ආර්ථික අංශ | TA: B. சமூக-பொருளாதாரம் | EN: Skills and training opportunities provided to staff | SI: සේවකයන්ට ලබාදෙන කුසලතා හා පුහුණු අවස්ථා | TA: ஊழியர்களுக்கு வழங்கப்படும் பயிற்சி",
  "phase-1.p1_q8_training.label_en | English label for selected option(s)",
  "phase-1.p1_q9_community [single_choice] | section EN: B. Socio-economic | SI: කොටස B: සමාජ-ආර්ථික අංශ | TA: B. சமூக-பொருளாதாரம் | EN: Community engagement (CSR, awareness, local partnerships) | SI: ප්‍රජා සම්බන්ධතා කටයුතු (CSR, දැනුවත් කිරීම, දේශීය හවුල්කාරීත්වය) | TA: சமூக ஈடுபாடு (CSR)",
  "phase-1.p1_q9_community.label_en | English label for selected option(s)",
  "phase-1.p1_q10_community_support [single_choice] | section EN: B. Socio-economic | SI: කොටස B: සමාජ-ආර්ථික අංශ | TA: B. சமூக-பொருளாதாரம் | EN: Community support for your industry | SI: ඔබගේ කර්මාන්තය සඳහා ප්‍රජා සහයෝගය | TA: உங்கள் தொழிலுக்கு சமூக ஆதரவு",
  "phase-1.p1_q10_community_support.label_en | English label for selected option(s)",
  "phase-1.p1_q11_certs [multi_choice] | section EN: C. Environmental | SI: කොටස C: පාරිසරික අංශ | TA: C. சுற்றுச்சூழல் | EN: Environmental certifications | SI: පාරිසරික සහතික | TA: சுற்றுச்சூழல் சான்றிதழ்கள்",
  "phase-1.p1_q11_certs.label_en | English label for selected option(s)",
  "phase-1.p1_q12_practices [multi_choice] | section EN: C. Environmental | SI: කොටස C: පාරිසරික අංශ | TA: C. சுற்றுச்சூழல் | EN: Sustainability practices currently in place (select all that apply) | SI: දැනට ක්‍රියාත්මක තිරසාර ක්‍රියාමාර්ග (අදාළ සියල්ල සලකුණු කරන්න) | TA: தற்போதைய நிலையான நடைமுறைகள்",
  "phase-1.p1_q12_practices.label_en | English label for selected option(s)",
  "phase-1.p1_q13_air [single_choice] | section EN: C. Environmental | SI: කොටස C: පාරිසරික අංශ | TA: C. சுற்றுச்சூழல் | EN: Air emissions vs regulatory limits | SI: වායු විමෝචන නියාමන සීමාවන්ට සාපේක්ෂව | TA: காற்று உமிழ்வுகள் vs வரம்புகள்",
  "phase-1.p1_q13_air.label_en | English label for selected option(s)",
  "phase-1.p1_q14_wastewater [single_choice] | section EN: C. Environmental | SI: කොටස C: පාරිසරික අංශ | TA: C. சுற்றுச்சூழல் | EN: Wastewater discharge compliance | SI: අපජල මුදාහැරීමේ අනුකූලතාව | TA: கழிவு நீர் இணக்கம்",
  "phase-1.p1_q14_wastewater.label_en | English label for selected option(s)",
  "phase-1.p1_q15_challenges [multi_choice] | section EN: C. Environmental | SI: කොටස C: පාරිසරික අංශ | TA: C. சுற்றுச்சூழல் | EN: Main environmental challenges | SI: ප්‍රධාන පාරිසරික අභියෝග | TA: முக்கிய சுற்றுச்சூழல் சவால்கள்",
  "phase-1.p1_q15_challenges.label_en | English label for selected option(s)",
  "phase-1.p1_q16_proximity [single_choice] | section EN: D. Industrial background | SI: කොටස D: කාර්මික පසුබිම | TA: D. தொழில் பின்னணி | EN: Proximity to other industries in your field | SI: ඔබේ ක්ෂේත්‍රයේ අනෙකුත් කර්මාන්ත වලට ආසන්නතාවය | TA: மற்ற தொழில்களின் அருகாமை",
  "phase-1.p1_q16_proximity.label_en | English label for selected option(s)",
  "phase-1.p1_q17_collab [single_choice] | section EN: D. Industrial background | SI: කොටස D: කාර්මික පසුබිම | TA: D. தொழில் பின்னணி | EN: Level of cooperation with neighbouring industries | SI: අසල්වැසි කර්මාන්ත සමඟ සහයෝගීතාව මට්ටම | TA: அண்டை தொழில்களுடன் ஒத்துழைப்பு",
  "phase-1.p1_q17_collab.label_en | English label for selected option(s)",
  "phase-1.p1_q18_shared_infra [single_choice] | section EN: D. Industrial background | SI: කොටස D: කාර්මික පසුබිම | TA: D. தொழில் பின்னணி | EN: Access to shared infrastructure | SI: හවුල් යටිතල පහසුකම් වෙත ප්‍රවේශය | TA: பகிரப்பட்ட உள்கட்டமைப்பு",
  "phase-1.p1_q18_shared_infra.label_en | English label for selected option(s)",
  "phase-1.p1_q19_innovation [single_choice] | section EN: D. Industrial background | SI: කොටස D: කාර්මික පසුබිම | TA: D. தொழில் பின்னணி | EN: Innovation and technology adoption | SI: නවෝත්පාදන හා තාක්ෂණ භාවිතය | TA: கண்டுபிடிப்பு & தொழில்நுட்பம்",
  "phase-1.p1_q19_innovation.label_en | English label for selected option(s)",
  "phase-1.p1_q20_raw_input [single_choice] | section EN: E. Material flow analysis | SI: කොටස E: ද්‍රව්‍ය ප්‍රවාහ විශ්ලේෂණය (MFA) | TA: E. பொருள் ஓட்ட பகுப்பாய்வு | EN: Raw material inputs (tons / year) | SI: අමුද්‍රව්‍ය ආදාන (ටොන්/වසර) | TA: மூலப்பொருள் (டன்/ஆண்டு)",
  "phase-1.p1_q20_raw_input.label_en | English label for selected option(s)",
  "phase-1.p1_q21_raw_source [single_choice] | section EN: E. Material flow analysis | SI: කොටස E: ද්‍රව්‍ය ප්‍රවාහ විශ්ලේෂණය (MFA) | TA: E. பொருள் ஓட்ட பகுப்பாய்வு | EN: Raw material source | SI: අමුද්‍රව්‍ය මූලාශ්‍රය | TA: மூலப்பொருள் மூலம்",
  "phase-1.p1_q21_raw_source.label_en | English label for selected option(s)",
  "phase-1.p1_q22_energy [single_choice] | section EN: E. Material flow analysis | SI: කොටස E: ද්‍රව්‍ය ප්‍රවාහ විශ්ලේෂණය (MFA) | TA: E. பொருள் ஓட்ட பகுப்பாய்வு | EN: Energy consumption (kWh / year) | SI: බලශක්ති පරිභෝජනය (Kwh/year) | TA: ஆற்றல் நுகர்வு (kWh/ஆண்டு)",
  "phase-1.p1_q22_energy.label_en | English label for selected option(s)",
  "phase-1.p1_q23_re_share [single_choice] | section EN: E. Material flow analysis | SI: කොටස E: ද්‍රව්‍ය ප්‍රවාහ විශ්ලේෂණය (MFA) | TA: E. பொருள் ஓட்ட பகுப்பாய்வு | EN: Renewable energy share | SI: නවීකරණශීලී බලශක්ති ප්‍රමාණය | TA: புதுப்பிக்கத்தக்க ஆற்றல் பங்கு",
  "phase-1.p1_q23_re_share.label_en | English label for selected option(s)",
  "phase-1.p1_q24_water [single_choice] | section EN: E. Material flow analysis | SI: කොටස E: ද්‍රව්‍ය ප්‍රවාහ විශ්ලේෂණය (MFA) | TA: E. பொருள் ஓட்ட பகுப்பாய்வு | EN: Water consumption (m³ / year) | SI: ජල පරිභෝජනය (m³/year) | TA: நீர் நுகர்வு (m³/ஆண்டு)",
  "phase-1.p1_q24_water.label_en | English label for selected option(s)",
  "phase-1.p1_q25_water_recycle [single_choice] | section EN: E. Material flow analysis | SI: කොටස E: ද්‍රව්‍ය ප්‍රවාහ විශ්ලේෂණය (MFA) | TA: E. பொருள் ஓட்ட பகுப்பாய்வு | EN: Water recycling rate | SI: ජල ප්‍රතිචක්‍රීකරණය | TA: நீர் மறுசுழற்சி",
  "phase-1.p1_q25_water_recycle.label_en | English label for selected option(s)",
  "phase-1.p1_q26_waste [single_choice] | section EN: E. Material flow analysis | SI: කොටස E: ද්‍රව්‍ය ප්‍රවාහ විශ්ලේෂණය (MFA) | TA: E. பொருள் ஓட்ட பகுப்பாய்வு | EN: Waste / by-products (tons / year) | SI: අපද්‍රව්‍ය/අතුරු නිෂ්පාදන (ටොන්/වසර) | TA: கழிவு / துணை-தயாரிப்பு (டன்/ஆண்டு)",
  "phase-1.p1_q26_waste.label_en | English label for selected option(s)",
  "phase-1.p1_q27_reuse [single_choice] | section EN: E. Material flow analysis | SI: කොටස E: ද්‍රව්‍ය ප්‍රවාහ විශ්ලේෂණය (MFA) | TA: E. பொருள் ஓட்ட பகுப்பாய்வு | EN: Reuse potential of waste / by-products by other industries | SI: අපද්‍රව්‍ය/අතුරු නිෂ්පාදන වෙනත් කර්මාන්ත සඳහා නැවත භාවිත හැකියාව | TA: மறுபயன்பாட்டு திறன்",
  "phase-1.p1_q27_reuse.label_en | English label for selected option(s)",
  "phase-1.p1_q28_ahp [pairwise_saaty] | section EN: F. Priority comparisons (AHP, Saaty 1–9) | SI: කොටස F: බහු-නිර්ණායක තීරණ ගැනීම (Saaty 1–9) | TA: F. முன்னுரிமை ஒப்பீடுகள் (AHP) | EN: For each pair, choose the more important factor and rate how much more important it is (1 = slight, 9 = extreme). | SI: සෑම යුගලයක් සඳහාම වඩා වැදගත් සාධකය තෝරා එය කොපමණ වැදගත්දැයි ලකුණු දෙන්න (1 = තරමක්, 9 = අතිශයින්ම). | TA: ஒவ்வொரு ஜோடிக்கும் முக்கியமான காரணியைத் தேர்ந்தெடுத்து அது எவ்வளவு முக்கியம் என்பதை மதிப்பிடுங்கள் (1 = சற்றே, 9 = மிக அதிகம்).",
  "phase-1.p1_g_docs [multi_choice] | section EN: G. Supporting documents | SI: කොටස G: අමතර තොරතුරු සහ ලේඛන | TA: G. ஆதரவு ஆவணங்கள் | EN: Supporting documents you can share | SI: ඔබට ලබාදිය හැකි අමතර ලේඛන | TA: பகிரக்கூடிய ஆவணங்கள்",
  "phase-1.p1_g_docs.label_en | English label for selected option(s)",
  "phase-1.p1_g_doc_sharing [single_choice] | section EN: G. Supporting documents | SI: කොටස G: අමතර තොරතුරු සහ ලේඛන | TA: G. ஆதரவு ஆவணங்கள் | EN: Are you willing to provide copies of relevant documents? | SI: අදාල ලේඛන පිටපත් ලබාදීමට ඔබ කැමතිද? | TA: ஆவணங்களின் நகல்களை வழங்க தயாரா?",
  "phase-1.p1_g_doc_sharing.label_en | English label for selected option(s)",
  "phase-1.p1_h_contact_primary_name [text] | section EN: H. Contact & authorization | SI: කොටස H: එකඟතාවය සහ අවසරය | TA: H. தொடர்பு & அங்கீகாரம் | EN: Primary contact — name | SI: ප්‍රධාන සම්බන්ධීකරණ පුද්ගලයා — නම | TA: முதன்மை தொடர்பு — பெயர்",
  "phase-1.p1_h_contact_primary_role [text] | section EN: H. Contact & authorization | SI: කොටස H: එකඟතාවය සහ අවසරය | TA: H. தொடர்பு & அங்கீகாரம் | EN: Primary contact — title / role | SI: ප්‍රධාන සම්බන්ධීකරණ පුද්ගලයා — තනතුර | TA: பதவி",
  "phase-1.p1_h_contact_primary_email [email] | section EN: H. Contact & authorization | SI: කොටස H: එකඟතාවය සහ අවසරය | TA: H. தொடர்பு & அங்கீகாரம் | EN: Primary contact — email | SI: ප්‍රධාන සම්බන්ධීකරණ පුද්ගලයා — විද්‍යුත් තැපෑල | TA: மின்னஞ்சல்",
  "phase-1.p1_h_contact_primary_phone [tel] | section EN: H. Contact & authorization | SI: කොටස H: එකඟතාවය සහ අවසරය | TA: H. தொடர்பு & அங்கீகாரம் | EN: Primary contact — phone | SI: ප්‍රධාන සම්බන්ධීකරණ පුද්ගලයා — දුරකථන | TA: தொலைபேசி",
  "phase-1.p1_h_contact_primary_linkedin [text] | section EN: H. Contact & authorization | SI: කොටස H: එකඟතාවය සහ අවසරය | TA: H. தொடர்பு & அங்கீகாரம் | EN: Primary contact — LinkedIn (optional) | SI: ප්‍රධාන සම්බන්ධීකරණ පුද්ගලයා — LinkedIn | TA: LinkedIn",
  "phase-1.p1_h_contact_alt_name [text] | section EN: H. Contact & authorization | SI: කොටස H: එකඟතාවය සහ අවසරය | TA: H. தொடர்பு & அங்கீகாரம் | EN: Alternate contact — name (optional) | SI: විකල්ප සම්බන්ධීකරණ පුද්ගලයා — නම | TA: மாற்று தொடர்பு — பெயர்",
  "phase-1.p1_h_contact_alt_email [email] | section EN: H. Contact & authorization | SI: කොටස H: එකඟතාවය සහ අවසරය | TA: H. தொடர்பு & அங்கீகாரம் | EN: Alternate contact — email (optional) | SI: විකල්ප සම්බන්ධීකරණ පුද්ගලයා — විද්‍යුත් තැපෑල | TA: மாற்று மின்னஞ்சல்",
  "phase-1.p1_h_data_use [multi_choice] | section EN: H. Contact & authorization | SI: කොටස H: එකඟතාවය සහ අවසරය | TA: H. தொடர்பு & அங்கீகாரம் | EN: I agree to the following uses of the data | SI: දත්ත භාවිතය සඳහා එකඟතාවය | TA: தரவு பயன்பாட்டு ஒப்புதல்",
  "phase-1.p1_h_data_use.label_en | English label for selected option(s)",
  "phase-1.p1_h_authorization [yes_no] | section EN: H. Contact & authorization | SI: කොටස H: එකඟතාවය සහ අවසරය | TA: H. தொடர்பு & அங்கீகாரம் | EN: I confirm that I am authorised to provide this information on behalf of my organisation, that the information is accurate to the best of my knowledge, and that it will be used for academic research. | SI: මෙම තොරතුරු මගේ ආයතනය වෙනුවෙන් ලබාදීමට මට අවසර ඇති බවත්, ලබාදුන් තොරතුරු නිවැරදි බවත්, ඒවා අධ්‍යයන කටයුතු සඳහා භාවිතා වන බවත් මම තහවුරු කරමි. | TA: எனது நிறுவனத்தின் சார்பாக இந்த தகவலை வழங்க அங்கீகாரம் பெற்றுள்ளேன் என்பதை உறுதிப்படுத்துகிறேன்.",
  "phase-3.p3_r_org_name [text] | section EN: Respondent information | SI: ප්‍රතිචාරක තොරතුරු | TA: பதிலளிப்பவர் தகவல் | EN: Organisation name | SI: ආයතනයේ නම | TA: நிறுவனத்தின் பெயர்",
  "phase-3.p3_r_org_type [single_choice] | section EN: Respondent information | SI: ප්‍රතිචාරක තොරතුරු | TA: பதிலளிப்பவர் தகவல் | EN: Organisation type | SI: ආයතන වර්ගය | TA: நிறுவன வகை",
  "phase-3.p3_r_org_type.label_en | English label for selected option(s)",
  "phase-3.p3_q1_sector [single_choice] | section EN: A. General & geographical data | SI: කොටස A – සාමාන්‍ය හා භූගෝලීය දත්ත | TA: A. பொது & புவியியல் | EN: Industry sector | SI: කර්මාන්ත අංශය | TA: தொழில் துறை",
  "phase-3.p3_q1_sector.label_en | English label for selected option(s)",
  "phase-3.p3_q2_district [text] | section EN: A. General & geographical data | SI: කොටස A – සාමාන්‍ය හා භූගෝලීය දත්ත | TA: A. பொது & புவியியல் | EN: District | SI: දිස්ත්‍රික්කය | TA: மாவட்டம்",
  "phase-3.p3_q2_province [text] | section EN: A. General & geographical data | SI: කොටස A – සාමාන්‍ය හා භූගෝලීය දත්ත | TA: A. பொது & புவியியல் | EN: Province / state | SI: පළාත / ප්‍රාන්තය | TA: மாகாணம்",
  "phase-3.p3_q2_country [text] | section EN: A. General & geographical data | SI: කොටස A – සාමාන්‍ය හා භූගෝලීය දත්ත | TA: A. பொது & புவியியல் | EN: Country | SI: රට | TA: நாடு",
  "phase-3.p3_q3_lat [text] | section EN: A. General & geographical data | SI: කොටස A – සාමාන්‍ය හා භූගෝලීය දත්ත | TA: A. பொது & புவியியல் | EN: Latitude (decimal, optional) | SI: අක්ෂාංශය | TA: அட்சரேகை",
  "phase-3.p3_q3_lng [text] | section EN: A. General & geographical data | SI: කොටස A – සාමාන්‍ය හා භූගෝලීය දත්ත | TA: A. பொது & புவியியல் | EN: Longitude (decimal, optional) | SI: දේශාංශය | TA: தீர்க்கரேகை",
  "phase-3.p3_q4_size [single_choice] | section EN: A. General & geographical data | SI: කොටස A – සාමාන්‍ය හා භූගෝලීය දත්ත | TA: A. பொது & புவியியல் | EN: Company size | SI: සමාගමේ ප්‍රමාණය | TA: நிறுவன அளவு",
  "phase-3.p3_q4_size.label_en | English label for selected option(s)",
  "phase-3.p3_q5_seasonal [single_choice] | section EN: A. General & geographical data | SI: කොටස A – සාමාන්‍ය හා භූගෝලීය දත්ත | TA: A. பொது & புவியியல் | EN: Seasonal variation in operations | SI: මෙහෙයුම්වල කාලානුරූප වෙනස්වීම් | TA: பருவகால மாறுபாடு",
  "phase-3.p3_q5_seasonal.label_en | English label for selected option(s)",
  "phase-3.p3_q5_months [multi_choice] | section EN: A. General & geographical data | SI: කොටස A – සාමාන්‍ය හා භූගෝලීය දත්ත | TA: A. பொது & புவியியல் | EN: Peak months | SI: උපරිම මාස | TA: உச்ச மாதங்கள்",
  "phase-3.p3_q5_months.label_en | English label for selected option(s)",
  "phase-3.p3_q6_elec [single_choice] | section EN: B. Renewable energy (RE) | SI: කොටස B – නවීකරණශීලී බලශක්ති (RE) භාවිතය | TA: B. புதுப்பிக்கத்தக்க ஆற்றல் | EN: Annual electricity consumption | SI: වාර්ෂික විදුලි බල භාවිතය | TA: ஆண்டு மின் நுகர்வு",
  "phase-3.p3_q6_elec.label_en | English label for selected option(s)",
  "phase-3.p3_q7_peak [single_choice] | section EN: B. Renewable energy (RE) | SI: කොටස B – නවීකරණශීලී බලශක්ති (RE) භාවිතය | TA: B. புதுப்பிக்கத்தக்க ஆற்றல் | EN: Peak demand | SI: උපරිම ඉල්ලුම (Peak Demand) | TA: உச்ச தேவை",
  "phase-3.p3_q7_peak.label_en | English label for selected option(s)",
  "phase-3.p3_q8_grid [single_choice] | section EN: B. Renewable energy (RE) | SI: කොටස B – නවීකරණශීලී බලශක්ති (RE) භාවිතය | TA: B. புதுப்பிக்கத்தக்க ஆற்றல் | EN: Energy mix — share from grid | SI: බලශක්ති මිශ්‍රණය — Grid | TA: மின் கட்டப் பங்கு",
  "phase-3.p3_q8_grid.label_en | English label for selected option(s)",
  "phase-3.p3_q8_fossil [single_choice] | section EN: B. Renewable energy (RE) | SI: කොටස B – නවීකරණශීලී බලශක්ති (RE) භාවිතය | TA: B. புதுப்பிக்கத்தக்க ஆற்றல் | EN: Energy mix — diesel / fossil fuels | SI: බලශක්ති මිශ්‍රණය — ඩීසල් / ෆොසිල | TA: டீசல்/புதைபடிவ பங்கு",
  "phase-3.p3_q8_fossil.label_en | English label for selected option(s)",
  "phase-3.p3_q8_re [single_choice] | section EN: B. Renewable energy (RE) | SI: කොටස B – නවීකරණශීලී බලශක්ති (RE) භාවිතය | TA: B. புதுப்பிக்கத்தக்க ஆற்றல் | EN: Energy mix — solar / biofuel / wind / waste-to-energy | SI: බලශක්ති මිශ්‍රණය — සූර්ය / ජෛව / සුළං / WtE | TA: புதுப்பிக்கத்தக்க பங்கு",
  "phase-3.p3_q8_re.label_en | English label for selected option(s)",
  "phase-3.p3_q9_solar_area [single_choice] | section EN: B. Renewable energy (RE) | SI: කොටස B – නවීකරණශීලී බලශක්ති (RE) භාවිතය | TA: B. புதுப்பிக்கத்தக்க ஆற்றல் | EN: Roof / land area available for solar PV | SI: සූර්ය PV සඳහා ලබාගත හැකි වහල / භූමි ප්‍රමාණය | TA: சூரிய PVக்கான பகுதி",
  "phase-3.p3_q9_solar_area.label_en | English label for selected option(s)",
  "phase-3.p3_q10_biofuel [single_choice] | section EN: B. Renewable energy (RE) | SI: කොටස B – නවීකරණශීලී බලශක්ති (RE) භාවිතය | TA: B. புதுப்பிக்கத்தக்க ஆற்றல் | EN: Available biofuel residues | SI: ජෛව ඉන්ධන අවශේෂ ලබාගත හැකි ප්‍රමාණය | TA: உயிர் எரிபொருள் எச்சங்கள்",
  "phase-3.p3_q10_biofuel.label_en | English label for selected option(s)",
  "phase-3.p3_q11_re_willingness [likert_5] | section EN: B. Renewable energy (RE) | SI: කොටස B – නවීකරණශීලී බලශක්ති (RE) භාවිතය | TA: B. புதுப்பிக்கத்தக்க ஆற்றல் | EN: Willingness to increase renewable energy use (1 = not willing, 5 = very willing). | SI: නවීකරණශීලී බලශක්ති භාවිතය වැඩි කිරීමට කැමැත්ත (1 = කැමැත්ත නැත, 5 = ඉතා කැමැත්ත). | TA: புதுப்பிக்கத்தக்க ஆற்றல் பயன்பாட்டை அதிகரிக்க விருப்பம்.",
  "phase-3.p3_q11_re_willingness.label_en | English label for selected option(s)",
  "phase-3.p3_q12_re_barriers [multi_choice] | section EN: B. Renewable energy (RE) | SI: කොටස B – නවීකරණශීලී බලශක්ති (RE) භාවිතය | TA: B. புதுப்பிக்கத்தக்க ஆற்றல் | EN: Top 3 barriers to RE adoption | SI: RE භාවිතය සඳහා ප්‍රධාන බාධක (ඉහළම තුන තෝරන්න) | TA: RE தடைகள் — மேல் 3",
  "phase-3.p3_q12_re_barriers.label_en | English label for selected option(s)",
  "phase-3.p3_q13_waste_streams [multi_choice] | section EN: C. Circular economy (CE) | SI: කොටස C – චක්‍රීය ආර්ථිකය (CE) | TA: C. வட்டப் பொருளாதாரம் | EN: Main waste streams (select all that apply) | SI: ප්‍රධාන අපද්‍රව්‍ය ප්‍රවාහ | TA: முக்கிய கழிவுகள்",
  "phase-3.p3_q13_waste_streams.label_en | English label for selected option(s)",
  "phase-3.p3_q14_waste_qty [single_choice] | section EN: C. Circular economy (CE) | SI: කොටස C – චක්‍රීය ආර්ථිකය (CE) | TA: C. வட்டப் பொருளாதாரம் | EN: Approximate waste generation | SI: ආසන්න අපද්‍රව්‍ය ජනනය | TA: மொத்த கழிவு",
  "phase-3.p3_q14_waste_qty.label_en | English label for selected option(s)",
  "phase-3.p3_q15_ce_practices [multi_choice] | section EN: C. Circular economy (CE) | SI: කොටස C – චක්‍රීය ආර්ථිකය (CE) | TA: C. வட்டப் பொருளாதாரம் | EN: Current circular-economy practices | SI: දැනට පවතින CE ක්‍රියාමාර්ග | TA: தற்போதைய CE நடைமுறைகள்",
  "phase-3.p3_q15_ce_practices.label_en | English label for selected option(s)",
  "phase-3.p3_q16_valorization [multi_choice] | section EN: C. Circular economy (CE) | SI: කොටස C – චක්‍රීය ආර්ථිකය (CE) | TA: C. வட்டப் பொருளாதாரம் | EN: Top 2 waste valorization opportunities | SI: අපද්‍රව්‍ය වටිනාකරණ හැකියාව (ඉහළම දෙක තෝරන්න) | TA: மேல் 2 மதிப்புயர்வு வாய்ப்புகள்",
  "phase-3.p3_q16_valorization.label_en | English label for selected option(s)",
  "phase-3.p3_q17_ce_support [multi_choice] | section EN: C. Circular economy (CE) | SI: කොටස C – චක්‍රීය ආර්ථිකය (CE) | TA: C. வட்டப் பொருளாதாரம் | EN: Support needed to implement CE | SI: CE ක්‍රියාත්මක කිරීමට අවශ්‍ය සහාය | TA: CE அமலாக்கத்திற்கு ஆதரவு",
  "phase-3.p3_q17_ce_support.label_en | English label for selected option(s)",
  "phase-3.p3_q18_exchanges [single_choice] | section EN: D. Industrial symbiosis (IS) | SI: කොටස D – කාර්මික සම්බන්ධතා (IS) | TA: D. தொழில் கூட்டுயிர்வாழ்வு | EN: Existing resource exchanges | SI: දැනට පවතින සම්පත් හුවමාරු | TA: தற்போதைய பரிமாற்றங்கள்",
  "phase-3.p3_q18_exchanges.label_en | English label for selected option(s)",
  "phase-3.p3_q19_exchange_type [multi_choice] | section EN: D. Industrial symbiosis (IS) | SI: කොටස D – කාර්මික සම්බන්ධතා (IS) | TA: D. தொழில் கூட்டுயிர்வாழ்வு | EN: Type of exchange (if yes) | SI: හුවමාරු වර්ගය (ඔව් නම්) | TA: பரிமாற்ற வகை",
  "phase-3.p3_q19_exchange_type.label_en | English label for selected option(s)",
  "phase-3.p3_q20_supply [multi_choice] | section EN: D. Industrial symbiosis (IS) | SI: කොටස D – කාර්මික සම්බන්ධතා (IS) | TA: D. தொழில் கூட்டுயிர்வாழ்வு | EN: Resources you could supply to other industries | SI: වෙනත් කර්මාන්ත සඳහා සැපයිය හැකි සම්පත් | TA: வழங்கக்கூடிய வளங்கள்",
  "phase-3.p3_q20_supply.label_en | English label for selected option(s)",
  "phase-3.p3_q21_inputs [multi_choice] | section EN: D. Industrial symbiosis (IS) | SI: කොටස D – කාර්මික සම්බන්ධතා (IS) | TA: D. தொழில் கூட்டுயிர்வாழ்வு | EN: Inputs you could receive from the same or other zones | SI: එකම කාර්මික කලාපය තුළ හෝ වෙනත් කලාපවලින් ලබාගත හැකි ආදාන | TA: பெறக்கூடிய உள்ளீடுகள்",
  "phase-3.p3_q21_inputs.label_en | English label for selected option(s)",
  "phase-3.p3_q22_collab_mode [multi_choice] | section EN: D. Industrial symbiosis (IS) | SI: කොටස D – කාර්මික සම්බන්ධතා (IS) | TA: D. தொழில் கூட்டுயிர்வாழ்வு | EN: Preferred collaboration mode | SI: කැමති සහයෝගීතා ක්‍රමය | TA: விருப்பமான ஒத்துழைப்பு",
  "phase-3.p3_q22_collab_mode.label_en | English label for selected option(s)",
  "phase-3.p3_q23_distance [single_choice] | section EN: D. Industrial symbiosis (IS) | SI: කොටස D – කාර්මික සම්බන්ධතා (IS) | TA: D. தொழில் கூட்டுயிர்வாழ்வு | EN: Maximum acceptable transport distance for exchanges | SI: හුවමාරු සඳහා උපරිම පිළිගත හැකි ප්‍රවාහන දුර | TA: அதிகபட்ச போக்குவரத்து தூரம்",
  "phase-3.p3_q23_distance.label_en | English label for selected option(s)",
  "phase-3.p3_q24_savings [single_choice] | section EN: E. Triple bottom line (TBL) | SI: කොටස E – ත්‍රිත්ව පහළ රේඛාව (TBL) | TA: E. முப்பரிமாண தாக்கம் | EN: Expected cost savings from RE / CE / IS | SI: RE / CE / IS ක්‍රියාත්මක කිරීමෙන් බලාපොරොත්තු වන පිරිවැය ඉතිරිකිරීම් | TA: எதிர்பார்க்கப்படும் சேமிப்பு",
  "phase-3.p3_q24_savings.label_en | English label for selected option(s)",
  "phase-3.p3_q25_invest [single_choice] | section EN: E. Triple bottom line (TBL) | SI: කොටස E – ත්‍රිත්ව පහළ රේඛාව (TBL) | TA: E. முப்பரிமாண தாக்கம் | EN: Willing share of annual revenue to invest in RE / CE / IS | SI: RE / CE / IS සඳහා වාර්ෂික ආදායමෙන් ආයෝජනය කිරීමට කැමැත්ත | TA: முதலீட்டு விருப்பம்",
  "phase-3.p3_q25_invest.label_en | English label for selected option(s)",
  "phase-3.p3_q26_env_impact [multi_choice] | section EN: E. Triple bottom line (TBL) | SI: කොටස E – ත්‍රිත්ව පහළ රේඛාව (TBL) | TA: E. முப்பரிமாண தாக்கம் | EN: Expected environmental impacts (select all that apply) | SI: බලාපොරොත්තු වන පාරිසරික බලපෑම් | TA: எதிர்பார்க்கப்படும் சுற்றுச்சூழல் தாக்கம்",
  "phase-3.p3_q26_env_impact.label_en | English label for selected option(s)",
  "phase-3.p3_q27_jobs [single_choice] | section EN: E. Triple bottom line (TBL) | SI: කොටස E – ත්‍රිත්ව පහළ රේඛාව (TBL) | TA: E. முப்பரிமாண தாக்கம் | EN: Expected new jobs created | SI: රැකියා නිර්මාණය | TA: புதிய வேலைகள்",
  "phase-3.p3_q27_jobs.label_en | English label for selected option(s)",
  "phase-3.p3_q27_safety [yes_no] | section EN: E. Triple bottom line (TBL) | SI: කොටස E – ත්‍රිත්ව පහළ රේඛාව (TBL) | TA: E. முப்பரிமாண தாக்கம் | EN: Improved worker safety expected? | SI: සේවක ආරක්ෂාව වැඩිදියුණු වීම | TA: பாதுகாப்பு மேம்படுத்தல்",
  "phase-3.p3_q27_community [yes_no] | section EN: E. Triple bottom line (TBL) | SI: කොටස E – ත්‍රිත්ව පහළ රේඛාව (TBL) | TA: E. முப்பரிமாண தாக்கம் | EN: Community benefits expected? | SI: ප්‍රජා ප්‍රතිලාභ | TA: சமூக நன்மைகள்",
  "phase-3.p3_q28_enablers [multi_choice] | section EN: F. Enablers & support | SI: කොටස F – සක්‍රීයකාරක සහ සහාය | TA: F. ஆதரவு | EN: Top 3 enablers needed | SI: අවශ්‍ය ප්‍රධාන සක්‍රීයකාරක (ඉහළම තුන තෝරන්න) | TA: தேவையான ஆதரவு — மேல் 3",
  "phase-3.p3_q28_enablers.label_en | English label for selected option(s)",
  "phase-3.p3_q29_nda [yes_no] | section EN: G. Data sharing & follow-ups | SI: කොටස G – දත්ත බෙදාගැනීම සහ පසු විමසුම් | TA: G. தரவு பகிர்வு | EN: Willing to share supporting data (bills, plans) under an NDA? | SI: NDA යටතේ සහායක දත්ත (බිල්පත්, සැලසුම්) බෙදාගැනීමට කැමතිද? | TA: NDA இன் கீழ் தரவு பகிர விருப்பம்?",
  "phase-3.p3_q30_future [yes_no] | section EN: G. Data sharing & follow-ups | SI: කොටස G – දත්ත බෙදාගැනීම සහ පසු විමසුම් | TA: G. தரவு பகிர்வு | EN: Willing to participate in future feasibility studies? | SI: අනාගත හැකියාව අධ්‍යයන සඳහා සහභාගී වීමට කැමතිද? | TA: எதிர்கால ஆய்வுகளில் பங்கேற்க?",
  "phase-3.p3_h_docs [multi_choice] | section EN: H. Documents, contact & authorization | SI: කොටස H: අමතර තොරතුරු, ලේඛන සහ එකඟතාවය | TA: H. ஆவணங்கள் & ஒப்புதல் | EN: Supporting documents you can share | SI: ඔබට ලබාදිය හැකි අමතර ලේඛන | TA: பகிரக்கூடிய ஆவணங்கள்",
  "phase-3.p3_h_docs.label_en | English label for selected option(s)",
  "phase-3.p3_h_doc_sharing [single_choice] | section EN: H. Documents, contact & authorization | SI: කොටස H: අමතර තොරතුරු, ලේඛන සහ එකඟතාවය | TA: H. ஆவணங்கள் & ஒப்புதல் | EN: Are you willing to provide copies of relevant documents? | SI: අදාල ලේඛන පිටපත් ලබාදීමට ඔබ කැමතිද? | TA: ஆவண நகல்கள் வழங்க தயாரா?",
  "phase-3.p3_h_doc_sharing.label_en | English label for selected option(s)",
  "phase-3.p3_h_contact_primary_name [text] | section EN: H. Documents, contact & authorization | SI: කොටස H: අමතර තොරතුරු, ලේඛන සහ එකඟතාවය | TA: H. ஆவணங்கள் & ஒப்புதல் | EN: Primary contact — name | SI: ප්‍රධාන සම්බන්ධීකරණ පුද්ගලයා — නම | TA: முதன்மை தொடர்பு",
  "phase-3.p3_h_contact_primary_role [text] | section EN: H. Documents, contact & authorization | SI: කොටස H: අමතර තොරතුරු, ලේඛන සහ එකඟතාවය | TA: H. ஆவணங்கள் & ஒப்புதல் | EN: Primary contact — title | SI: තනතුර | TA: பதவி",
  "phase-3.p3_h_contact_primary_email [email] | section EN: H. Documents, contact & authorization | SI: කොටස H: අමතර තොරතුරු, ලේඛන සහ එකඟතාවය | TA: H. ஆவணங்கள் & ஒப்புதல் | EN: Primary contact — email | SI: විද්‍යුත් තැපෑල | TA: மின்னஞ்சல்",
  "phase-3.p3_h_contact_primary_phone [tel] | section EN: H. Documents, contact & authorization | SI: කොටස H: අමතර තොරතුරු, ලේඛන සහ එකඟතාවය | TA: H. ஆவணங்கள் & ஒப்புதல் | EN: Primary contact — phone | SI: දුරකථන | TA: தொலைபேசி",
  "phase-3.p3_h_contact_primary_linkedin [text] | section EN: H. Documents, contact & authorization | SI: කොටස H: අමතර තොරතුරු, ලේඛන සහ එකඟතාවය | TA: H. ஆவணங்கள் & ஒப்புதல் | EN: Primary contact — LinkedIn (optional) | SI: LinkedIn | TA: LinkedIn",
  "phase-3.p3_h_contact_alt_name [text] | section EN: H. Documents, contact & authorization | SI: කොටස H: අමතර තොරතුරු, ලේඛන සහ එකඟතාවය | TA: H. ஆவணங்கள் & ஒப்புதல் | EN: Alternate contact — name (optional) | SI: විකල්ප සම්බන්ධීකරණ පුද්ගලයා — නම | TA: மாற்று தொடர்பு",
  "phase-3.p3_h_contact_alt_email [email] | section EN: H. Documents, contact & authorization | SI: කොටස H: අමතර තොරතුරු, ලේඛන සහ එකඟතාවය | TA: H. ஆவணங்கள் & ஒப்புதல் | EN: Alternate contact — email (optional) | SI: විද්‍යුත් තැපෑල | TA: மாற்று மின்னஞ்சல்",
  "phase-3.p3_h_data_use [multi_choice] | section EN: H. Documents, contact & authorization | SI: කොටස H: අමතර තොරතුරු, ලේඛන සහ එකඟතාවය | TA: H. ஆவணங்கள் & ஒப்புதல் | EN: I agree to the following uses of the data | SI: දත්ත භාවිතය සඳහා එකඟතාවය | TA: தரவு பயன்பாட்டு ஒப்புதல்",
  "phase-3.p3_h_data_use.label_en | English label for selected option(s)",
  "phase-3.p3_h_authorization [yes_no] | section EN: H. Documents, contact & authorization | SI: කොටස H: අමතර තොරතුරු, ලේඛන සහ එකඟතාවය | TA: H. ஆவணங்கள் & ஒப்புதல் | EN: I confirm I am authorised to provide this information on behalf of my organisation, that it is accurate to the best of my knowledge, and that it will be used for academic research. | SI: මෙම තොරතුරු මගේ ආයතනය වෙනුවෙන් ලබාදීමට මට අවසර ඇති බවත්, නිවැරදි බවත්, අධ්‍යයන කටයුතු සඳහා භාවිතා වන බවත් මම තහවුරු කරමි. | TA: எனது நிறுவனத்தின் சார்பாக இதை வழங்க அங்கீகாரம் பெற்றுள்ளேன் என்பதை உறுதிப்படுத்துகிறேன்.",
]
`;
